Building catalog-service
#0 building with "default" instance using docker driver

#1 [internal] load build definition from Dockerfile
#1 transferring dockerfile: 174B 0.0s done
#1 DONE 0.1s

#2 [internal] load metadata for docker.io/library/amazoncorretto:21
#2 DONE 6.7s

#3 [internal] load .dockerignore
#3 transferring context: 368B 0.0s done
#3 DONE 0.1s

#4 [1/3] FROM docker.io/library/amazoncorretto:21@sha256:6b07552267927692db5deb8fcb04e8a33e2f9e72d5507eab4d0b061e17f32bd6
#4 resolve docker.io/library/amazoncorretto:21@sha256:6b07552267927692db5deb8fcb04e8a33e2f9e72d5507eab4d0b061e17f32bd6 0.0s done
#4 DONE 0.0s

#5 [internal] load build context
#5 transferring context: 68.70MB 0.7s done
#5 DONE 0.7s

#4 [1/3] FROM docker.io/library/amazoncorretto:21@sha256:6b07552267927692db5deb8fcb04e8a33e2f9e72d5507eab4d0b061e17f32bd6
#4 sha256:a166f6cf3d563466b8593a9f7ccbd9fdded8dde0e0236e5f99fb72b2542f98f7 0B / 165.50MB 0.8s
#4 sha256:7934f821253e9f29ddbcfd161c2f1db5873bd4c1e81009525a6ae3c651f4bbad 0B / 62.93MB 0.6s
#4 sha256:a166f6cf3d563466b8593a9f7ccbd9fdded8dde0e0236e5f99fb72b2542f98f7 8.39MB / 165.50MB 1.8s
#4 sha256:a166f6cf3d563466b8593a9f7ccbd9fdded8dde0e0236e5f99fb72b2542f98f7 19.92MB / 165.50MB 2.3s
#4 sha256:a166f6cf3d563466b8593a9f7ccbd9fdded8dde0e0236e5f99fb72b2542f98f7 29.36MB / 165.50MB 2.1s
#4 sha256:7934f821253e9f29ddbcfd161c2f1db5873bd4c1e81009525a6ae3c651f4bbad 5.24MB / 62.93MB 2.7s
#4 sha256:7934f821253e9f29ddbcfd161c2f1db5873bd4c1e81009525a6ae3c651f4bbad 9.44MB / 62.93MB 2.2s
#4 sha256:7934f821253e9f29ddbcfd161c2f1db5873bd4c1e81009525a6ae3c651f4bbad 13.63MB / 62.93MB 2.5s
#4 sha256:a166f6cf3d563466b8593a9f7ccbd9fdded8dde0e0236e5f99fb72b2542f98f7 38.80MB / 165.50MB 2.8s
#4 sha256:7934f821253e9f29ddbcfd161c2f1db5873bd4c1e81009525a6ae3c651f4bbad 17.83MB / 62.93MB 2.8s
#4 sha256:7934f821253e9f29ddbcfd161c2f1db5873bd4c1e81009525a6ae3c651f4bbad 22.02MB / 62.93MB 3.1s
#4 sha256:a166f6cf3d563466b8593a9f7ccbd9fdded8dde0e0236e5f99fb72b2542f98f7 47.19MB / 165.50MB 3.4s
#4 sha256:7934f821253e9f29ddbcfd161c2f1db5873bd4c1e81009525a6ae3c651f4bbad 26.21MB / 62.93MB 3.4s
#4 sha256:a166f6cf3d563466b8593a9f7ccbd9fdded8dde0e0236e5f99fb72b2542f98f7 56.62MB / 165.50MB 4.0s
#4 sha256:7934f821253e9f29ddbcfd161c2f1db5873bd4c1e81009525a6ae3c651f4bbad 32.51MB / 62.93MB 3.9s
#4 sha256:7934f821253e9f29ddbcfd161c2f1db5873bd4c1e81009525a6ae3c651f4bbad 37.75MB / 62.93MB 4.2s
#4 sha256:a166f6cf3d563466b8593a9f7ccbd9fdded8dde0e0236e5f99fb72b2542f98f7 66.06MB / 165.50MB 4.6s
#4 sha256:7934f821253e9f29ddbcfd161c2f1db5873bd4c1e81009525a6ae3c651f4bbad 41.94MB / 62.93MB 4.5s
#4 sha256:7934f821253e9f29ddbcfd161c2f1db5873bd4c1e81009525a6ae3c651f4bbad 47.19MB / 62.93MB 4.8s
#4 sha256:a166f6cf3d563466b8593a9f7ccbd9fdded8dde0e0236e5f99fb72b2542f98f7 75.50MB / 165.50MB 5.2s
#4 sha256:7934f821253e9f29ddbcfd161c2f1db5873bd4c1e81009525a6ae3c651f4bbad 51.38MB / 62.93MB 5.1s
#4 sha256:7934f821253e9f29ddbcfd161c2f1db5873bd4c1e81009525a6ae3c651f4bbad 55.57MB / 62.93MB 5.4s
#4 sha256:a166f6cf3d563466b8593a9f7ccbd9fdded8dde0e0236e5f99fb72b2542f98f7 83.89MB / 165.50MB 5.8s
#4 sha256:7934f821253e9f29ddbcfd161c2f1db5873bd4c1e81009525a6ae3c651f4bbad 59.77MB / 62.93MB 5.7s
#4 sha256:7934f821253e9f29ddbcfd161c2f1db5873bd4c1e81009525a6ae3c651f4bbad 62.93MB / 62.93MB 5.9s done
#4 extracting sha256:7934f821253e9f29ddbcfd161c2f1db5873bd4c1e81009525a6ae3c651f4bbad
#4 sha256:a166f6cf3d563466b8593a9f7ccbd9fdded8dde0e0236e5f99fb72b2542f98f7 93.32MB / 165.50MB 6.3s
#4 sha256:a166f6cf3d563466b8593a9f7ccbd9fdded8dde0e0236e5f99fb72b2542f98f7 102.76MB / 165.50MB 6.7s
#4 sha256:a166f6cf3d563466b8593a9f7ccbd9fdded8dde0e0236e5f99fb72b2542f98f7 112.20MB / 165.50MB 7.2s
#4 extracting sha256:7934f821253e9f29ddbcfd161c2f1db5873bd4c1e81009525a6ae3c651f4bbad 1.3s done
#4 sha256:a166f6cf3d563466b8593a9f7ccbd9fdded8dde0e0236e5f99fb72b2542f98f7 121.63MB / 165.50MB 7.6s
#4 sha256:a166f6cf3d563466b8593a9f7ccbd9fdded8dde0e0236e5f99fb72b2542f98f7 132.12MB / 165.50MB 8.1s
#4 sha256:a166f6cf3d563466b8593a9f7ccbd9fdded8dde0e0236e5f99fb72b2542f98f7 141.56MB / 165.50MB 8.5s
#4 sha256:a166f6cf3d563466b8593a9f7ccbd9fdded8dde0e0236e5f99fb72b2542f98f7 153.09MB / 165.50MB 9.0s
#4 sha256:a166f6cf3d563466b8593a9f7ccbd9fdded8dde0e0236e5f99fb72b2542f98f7 163.58MB / 165.50MB 9.4s
#4 sha256:a166f6cf3d563466b8593a9f7ccbd9fdded8dde0e0236e5f99fb72b2542f98f7 165.50MB / 165.50MB 9.5s done
#4 extracting sha256:a166f6cf3d563466b8593a9f7ccbd9fdded8dde0e0236e5f99fb72b2542f98f7
#4 extracting sha256:a166f6cf3d563466b8593a9f7ccbd9fdded8dde0e0236e5f99fb72b2542f98f7 1.2s done
#4 DONE 10.8s

#6 [2/3] WORKDIR /app
#6 DONE 0.2s

#7 [3/3] COPY target/course-0.0.1-SNAPSHOT.jar app.jar
#7 DONE 0.1s

#8 exporting to image
#8 exporting layers
#8 exporting layers 1.4s done
#8 exporting manifest sha256:818418667779502ff0483e7d7934e9e8ed5f55295809bc45b9bde9ce82d8e977 0.0s done
#8 exporting config sha256:fa74503d672dad671069682d697cae153786dfe657646b1310e6a6b86db29438 0.0s done
#8 exporting attestation manifest sha256:d86aeaa763210f625eb3444c21602020cf9fb2fb0c36e7c44e9255569b3ce069 0.0s done
#8 exporting manifest list sha256:5a1563e2b7bfe0f8dea615d0d968b07b5dfec51c177150320e866b3277bad0c5
#8 exporting manifest list sha256:5a1563e2b7bfe0f8dea615d0d968b07b5dfec51c177150320e866b3277bad0c5 0.0s done
#8 naming to docker.io/library/css_microservices_catalog-service:latest done
#8 unpacking to docker.io/library/css_microservices_catalog-service:latest
#8 unpacking to docker.io/library/css_microservices_catalog-service:latest 0.3s done
#8 DONE 1.8s
Building enrollment-service
#0 building with "default" instance using docker driver

#1 [internal] load build definition from Dockerfile
#1 transferring dockerfile: 174B 0.1s done
#1 DONE 0.1s

#2 [internal] load metadata for docker.io/library/amazoncorretto:21
#2 DONE 0.8s

#3 [internal] load .dockerignore
#3 transferring context: 368B 0.1s done
#3 DONE 0.1s

#4 [1/3] FROM docker.io/library/amazoncorretto:21@sha256:6b07552267927692db5deb8fcb04e8a33e2f9e72d5507eab4d0b061e17f32bd6
#4 resolve docker.io/library/amazoncorretto:21@sha256:6b07552267927692db5deb8fcb04e8a33e2f9e72d5507eab4d0b061e17f32bd6 0.0s done
#4 DONE 0.0s

#5 [internal] load build context
#5 transferring context: 79.41MB 0.9s done
#5 DONE 0.9s

#6 [2/3] WORKDIR /app
#6 CACHED

#7 [3/3] COPY target/course-0.0.1-SNAPSHOT.jar app.jar
#7 DONE 0.1s

#8 exporting to image
#8 exporting layers
#8 exporting layers 1.5s done
#8 exporting manifest sha256:82a669c29cfa87953afb1e41e4804e426b8daf228247430466b709a925651654 0.0s done
#8 exporting config sha256:5808656c32b5090e52b432c74d1ca5c6bb84d10cfe1bd9ee24a63192fe70e4b3 0.0s done
#8 exporting attestation manifest sha256:967c4b40480273c5163acf318e87166752fb1228930829b0aeea450c865dc737 0.0s done
#8 exporting manifest list sha256:5c0ce8d4eb7de6894a7d4d9ed1d62d1dfba0277818116caaf42ef9f7bfd6043f
#8 exporting manifest list sha256:5c0ce8d4eb7de6894a7d4d9ed1d62d1dfba0277818116caaf42ef9f7bfd6043f 0.0s done
#8 naming to docker.io/library/css_microservices_enrollment-service:latest done
#8 unpacking to docker.io/library/css_microservices_enrollment-service:latest
#8 unpacking to docker.io/library/css_microservices_enrollment-service:latest 0.3s done
#8 DONE 2.0s
enrollment-db is up-to-date
nacos is up-to-date
catalog-db is up-to-date
Creating catalog-service ... 
Creating catalog-service ... error

ERROR: for catalog-service  Cannot create container for service catalog-service: Conflict. The container name "/catalog-service" is already in use by container "228ed16d200fdc9eba8ae862edab12781918a4dd810e7e7b9fd051da8e92ad7e". You have to remove (or rename) that container to be able to reuse that name.

ERROR: for catalog-service  Cannot create container for service catalog-service: Conflict. The container name "/catalog-service" is already in use by container "228ed16d200fdc9eba8ae862edab12781918a4dd810e7e7b9fd051da8e92ad7e". You have to remove (or rename) that container to be able to reuse that name.
Encountered errors while bringing up the project.
